// Jest Snapshot v1, https://goo.gl/fbAQLP

exports[`HeaderContainer should show mapStateToProps value 1`] = `
Object {
  "pageSize": 20,
}
`;
