// Jest Snapshot v1, https://goo.gl/fbAQLP

exports[`test Filter component should render Filter component 1`] = `
<div
  className="ant-page-header site-page-header ant-page-header-ghost"
>
  <div
    className="ant-page-header-content"
  >
    <div
      className="filter-navbar"
    >
      <div
        className="ant-tabs ant-tabs-top"
      >
        <div
          className="ant-tabs-nav"
          onKeyDown={[Function]}
          role="tablist"
        >
          <div
            className="ant-tabs-nav-wrap"
          >
            <div
              className="ant-tabs-nav-list"
              style={
                Object {
                  "transform": "translate(0px, 0px)",
                  "transition": undefined,
                }
              }
            >
              <div
                className="ant-tabs-tab ant-tabs-tab-active"
                onClick={[Function]}
              >
                <div
                  aria-controls={null}
                  aria-selected={true}
                  className="ant-tabs-tab-btn"
                  id={null}
                  onClick={[Function]}
                  onFocus={[Function]}
                  onKeyDown={[Function]}
                  role="tab"
                  tabIndex={0}
                >
                  Trending
                </div>
              </div>
              <div
                className="ant-tabs-tab"
                onClick={[Function]}
                style={
                  Object {
                    "marginLeft": undefined,
                  }
                }
              >
                <div
                  aria-controls={null}
                  aria-selected={false}
                  className="ant-tabs-tab-btn"
                  id={null}
                  onClick={[Function]}
                  onFocus={[Function]}
                  onKeyDown={[Function]}
                  role="tab"
                  tabIndex={0}
                >
                  Top Rated
                </div>
              </div>
              <div
                className="ant-tabs-tab"
                onClick={[Function]}
                style={
                  Object {
                    "marginLeft": undefined,
                  }
                }
              >
                <div
                  aria-controls={null}
                  aria-selected={false}
                  className="ant-tabs-tab-btn"
                  id={null}
                  onClick={[Function]}
                  onFocus={[Function]}
                  onKeyDown={[Function]}
                  role="tab"
                  tabIndex={0}
                >
                  Coming Soon
                </div>
              </div>
              <div
                className="ant-tabs-tab"
                onClick={[Function]}
                style={
                  Object {
                    "marginLeft": undefined,
                  }
                }
              >
                <div
                  aria-controls={null}
                  aria-selected={false}
                  className="ant-tabs-tab-btn"
                  id={null}
                  onClick={[Function]}
                  onFocus={[Function]}
                  onKeyDown={[Function]}
                  role="tab"
                  tabIndex={0}
                >
                  <span
                    className="ant-dropdown-trigger ant-dropdown-link"
                    onClick={[Function]}
                    onMouseDown={[Function]}
                    onTouchStart={[Function]}
                    placement="bottomCenter"
                  >
                    Genre 
                    <span
                      aria-label="down"
                      className="anticon anticon-down"
                      role="img"
                    >
                      <svg
                        aria-hidden="true"
                        data-icon="down"
                        fill="currentColor"
                        focusable="false"
                        height="1em"
                        viewBox="64 64 896 896"
                        width="1em"
                      >
                        <path
                          d="M884 256h-75c-5.1 0-9.9 2.5-12.9 6.6L512 654.2 227.9 262.6c-3-4.1-7.8-6.6-12.9-6.6h-75c-6.5 0-10.3 7.4-6.5 12.7l352.6 486.1c12.8 17.6 39 17.6 51.7 0l352.6-486.1c3.9-5.3.1-12.7-6.4-12.7z"
                        />
                      </svg>
                    </span>
                  </span>
                  <div />
                </div>
              </div>
              <div
                className="ant-tabs-ink-bar ant-tabs-ink-bar-animated"
              />
            </div>
          </div>
          <div
            className="ant-tabs-nav-operations ant-tabs-nav-operations-hidden"
          >
            <button
              aria-controls="null-more-popup"
              aria-expanded={false}
              aria-haspopup="listbox"
              aria-hidden="true"
              className="ant-tabs-nav-more"
              id="null-more"
              onKeyDown={[Function]}
              onMouseEnter={[Function]}
              onMouseLeave={[Function]}
              style={
                Object {
                  "marginLeft": undefined,
                  "order": 1,
                  "visibility": "hidden",
                }
              }
              tabIndex={-1}
              type="button"
            >
              <span
                aria-label="ellipsis"
                className="anticon anticon-ellipsis"
                role="img"
              >
                <svg
                  aria-hidden="true"
                  data-icon="ellipsis"
                  fill="currentColor"
                  focusable="false"
                  height="1em"
                  viewBox="64 64 896 896"
                  width="1em"
                >
                  <path
                    d="M176 511a56 56 0 10112 0 56 56 0 10-112 0zm280 0a56 56 0 10112 0 56 56 0 10-112 0zm280 0a56 56 0 10112 0 56 56 0 10-112 0z"
                  />
                </svg>
              </span>
            </button>
          </div>
        </div>
        <div
          className="ant-tabs-content-holder"
        >
          <div
            className="ant-tabs-content ant-tabs-content-top"
            style={null}
          >
            <div
              aria-hidden={false}
              aria-labelledby={null}
              className="ant-tabs-tabpane ant-tabs-tabpane-active"
              id={null}
              role="tabpanel"
              style={Object {}}
              tabIndex={0}
            />
            <div
              aria-hidden={true}
              aria-labelledby={null}
              className="ant-tabs-tabpane"
              id={null}
              role="tabpanel"
              style={
                Object {
                  "display": "none",
                }
              }
              tabIndex={-1}
            />
            <div
              aria-hidden={true}
              aria-labelledby={null}
              className="ant-tabs-tabpane"
              id={null}
              role="tabpanel"
              style={
                Object {
                  "display": "none",
                }
              }
              tabIndex={-1}
            />
            <div
              aria-hidden={true}
              aria-labelledby={null}
              className="ant-tabs-tabpane"
              id={null}
              role="tabpanel"
              style={
                Object {
                  "display": "none",
                }
              }
              tabIndex={-1}
            />
          </div>
        </div>
      </div>
      <span
        className="genre-status"
      />
    </div>
    <div
      className="btn-container"
    >
      <div
        className="rows-btn"
        onClick={[Function]}
      >
        <div />
        <div />
        <div />
        <div />
      </div>
      <div
        className="columns-btn"
        onClick={[Function]}
      >
        <div />
        <div />
      </div>
    </div>
  </div>
</div>
`;
