// Jest Snapshot v1, https://goo.gl/fbAQLP

exports[`test Footer component should render Footer component 1`] = `
<footer
  className="ant-layout-footer footer"
>
  <span
    className="title"
  >
    films
  </span>
  <span
    className="copyright"
  >
    COPYRIGHT Â© 2021 Films  HALAVEIKA ALIAKSANDR
  </span>
</footer>
`;
