// Jest Snapshot v1, https://goo.gl/fbAQLP

exports[`test App component Matches snapshot ShallowRenderer 1`] = `
<React.Fragment>
  <Memo(Connect(Header)) />
  <AppRouter />
</React.Fragment>
`;
